INFO:     Started server process [3388]
INFO:     Waiting for application startup.
INFO:     Application startup complete.
INFO:     Uvicorn running on http://0.0.0.0:8001 (Press CTRL+C to quit)
C:\Users\Admin\AppData\Local\Programs\Python\Python313\Lib\site-packages\sklearn\utils\validation.py:2742: UserWarning: X has feature names, but IsolationForest was fitted without feature names
  warnings.warn(
C:\Users\Admin\AppData\Local\Programs\Python\Python313\Lib\site-packages\sklearn\utils\validation.py:2742: UserWarning: X has feature names, but IsolationForest was fitted without feature names
  warnings.warn(
C:\Users\Admin\AppData\Local\Programs\Python\Python313\Lib\site-packages\sklearn\utils\validation.py:2742: UserWarning: X has feature names, but IsolationForest was fitted without feature names
  warnings.warn(
C:\Users\Admin\AppData\Local\Programs\Python\Python313\Lib\site-packages\sklearn\utils\validation.py:2742: UserWarning: X has feature names, but IsolationForest was fitted without feature names
  warnings.warn(
C:\Users\Admin\AppData\Local\Programs\Python\Python313\Lib\site-packages\sklearn\utils\validation.py:2742: UserWarning: X has feature names, but IsolationForest was fitted without feature names
  warnings.warn(
C:\Users\Admin\AppData\Local\Programs\Python\Python313\Lib\site-packages\sklearn\utils\validation.py:2742: UserWarning: X has feature names, but IsolationForest was fitted without feature names
  warnings.warn(
C:\Users\Admin\AppData\Local\Programs\Python\Python313\Lib\site-packages\sklearn\utils\validation.py:2742: UserWarning: X has feature names, but IsolationForest was fitted without feature names
  warnings.warn(
C:\Users\Admin\AppData\Local\Programs\Python\Python313\Lib\site-packages\sklearn\utils\validation.py:2742: UserWarning: X has feature names, but IsolationForest was fitted without feature names
  warnings.warn(
C:\Users\Admin\AppData\Local\Programs\Python\Python313\Lib\site-packages\sklearn\utils\validation.py:2742: UserWarning: X has feature names, but IsolationForest was fitted without feature names
  warnings.warn(
C:\Users\Admin\AppData\Local\Programs\Python\Python313\Lib\site-packages\sklearn\utils\validation.py:2742: UserWarning: X has feature names, but IsolationForest was fitted without feature names
  warnings.warn(
C:\Users\Admin\AppData\Local\Programs\Python\Python313\Lib\site-packages\sklearn\utils\validation.py:2742: UserWarning: X has feature names, but IsolationForest was fitted without feature names
  warnings.warn(
C:\Users\Admin\AppData\Local\Programs\Python\Python313\Lib\site-packages\sklearn\utils\validation.py:2742: UserWarning: X has feature names, but IsolationForest was fitted without feature names
  warnings.warn(
